// Jest Snapshot v1, https://goo.gl/fbAQLP

exports[`Компонент ввода снапшот поля ввода 1`] = `
<label
  className="input"
>
  <div
    className="input__label"
  >
    Тест
  </div>
  <div
    className="input__container"
  >
    <input
      className="input__field"
      onChange={[Function]}
      value=""
    />
    <div
      className="input__error"
    >
      
    </div>
  </div>
</label>
`;
